src/pages/index.ts(4,49): error TS1005: ',' expected.
src/pages/index.ts(4,53): error TS1005: ',' expected.
src/pages/index.ts(4,54): error TS1110: Type expected.
src/pages/index.ts(4,73): error TS1109: Expression expected.
src/pages/index.ts(5,59): error TS1005: ',' expected.
src/pages/index.ts(5,68): error TS1005: ',' expected.
src/pages/index.ts(5,69): error TS1110: Type expected.
src/pages/index.ts(5,88): error TS1109: Expression expected.
src/pages/index.ts(6,89): error TS1109: Expression expected.
src/pages/index.ts(7,58): error TS1005: ',' expected.
src/pages/index.ts(7,71): error TS1005: ',' expected.
src/pages/index.ts(7,99): error TS1109: Expression expected.
src/pages/index.ts(8,63): error TS1005: ',' expected.
src/pages/index.ts(8,71): error TS1005: ',' expected.
src/pages/index.ts(8,75): error TS1005: ',' expected.
src/pages/index.ts(8,76): error TS1110: Type expected.
src/pages/index.ts(8,95): error TS1109: Expression expected.
